py : Traceback (most recent call 
last):
At line:1 char:1
+ py -u 
backend_py/test_magpie_tts.py > 
test_output.txt 2>&1
+ ~~~~~~~~~~~~~~~~~~~~~~~~~~~~~~~
~~~~~~~~~~~~~~~~~~~~~~~~~~~
    + CategoryInfo          : No 
   tSpecified: (Traceback (most  
   recent call last)::String)    
 [], RemoteException
    + FullyQualifiedErrorId : Na 
   tiveCommandError
 
  File "D:\agrotalk-assist\backen
d_py\test_magpie_tts.py", line 
38, in <module>
    asyncio.run(test_multilingual
_tts())
    ~~~~~~~~~~~^^^^^^^^^^^^^^^^^^
^^^^^^^
  File "C:\Users\sound\AppData\Lo
cal\Programs\Python\Python314\Lib
\asyncio\runners.py", line 204, 
in run
    return runner.run(main)
           ~~~~~~~~~~^^^^^^
  File "C:\Users\sound\AppData\Lo
cal\Programs\Python\Python314\Lib
\asyncio\runners.py", line 127, 
in run
    return self._loop.run_until_c
omplete(task)
           ~~~~~~~~~~~~~~~~~~~~~~
~~~~~~~^^^^^^
  File "C:\Users\sound\AppData\Lo
cal\Programs\Python\Python314\Lib
\asyncio\base_events.py", line 
719, in run_until_complete
    return future.result()
           ~~~~~~~~~~~~~^^
  File "D:\agrotalk-assist\backen
d_py\test_magpie_tts.py", line 
12, in test_multilingual_tts
    service = NvidiaTTSService()
  File "D:\agrotalk-assist\backen
d_py\services\nvidia_tts.py", 
line 68, in __init__
    print(f"\U0001f7e2 NVIDIA 
TTS Service initialized (gRPC) 
with Edge TTS fallback")
    ~~~~~^^^^^^^^^^^^^^^^^^^^^^^^
^^^^^^^^^^^^^^^^^^^^^^^^^^^^^^^^^
^^^^^^^^^^^
  File "C:\Users\sound\AppData\Lo
cal\Programs\Python\Python314\Lib
\encodings\cp1252.py", line 19, 
in encode
    return codecs.charmap_encode(
input,self.errors,encoding_table)
[0]
           ~~~~~~~~~~~~~~~~~~~~~^
^^^^^^^^^^^^^^^^^^^^^^^^^^^^^^^^^
UnicodeEncodeError: 'charmap' 
codec can't encode character 
'\U0001f7e2' in position 0: 
character maps to <undefined>
